// Jest Snapshot v1, https://goo.gl/fbAQLP

exports[`Themes spec should render proper 1`] = `
<div
  style="display: flex; padding: 10px; box-sizing: border-box;"
>
  <div
    style="flex: 1;"
  />
  <div
    style="font-size: 0px;"
  />
  |
  <div
    style="font-size: 0px;"
  />
</div>
`;
